Microchip MPLAB XC8 Compiler V1.45 ()

Linker command line:

-W-3 --edf=C:\Program Files (x86)\Microchip\xc8\v1.45\dat\en_msgs.txt -cs \
  -h+dist/default/production\Waffle.X.production.sym \
  --cmf=dist/default/production\Waffle.X.production.cmf -z -Q18F2550 \
  -oC:\Users\Ianick\AppData\Local\Temp\s8t4.2 \
  -Mdist/default/production/Waffle.X.production.map -E1 -ver=XC8 \
  -ASTACK=089h-07ffh -pstack=STACK -ACODE=00h-07FFFh -ACONST=00h-07FFFh \
  -ASMALLCONST=0800h-08FFhx120 -AMEDIUMCONST=0800h-07FFFh -ACOMRAM=01h-05Fh \
  -AABS1=00h-07FFh -ABIGRAM=01h-07FFh -ARAM=060h-0FFh,0100h-01FFhx7 \
  -ABANK0=060h-0FFh -ABANK1=0100h-01FFh -ABANK2=0200h-02FFh \
  -ABANK3=0300h-03FFh -ABANK4=0400h-04FFh -ABANK5=0500h-05FFh \
  -ABANK6=0600h-06FFh -ABANK7=0700h-07FFh -ASFR=0F60h-0FFFh \
  -preset_vec=00h,intcode=08h,intcodelo,powerup,init -pramtop=0800h \
  -psmallconst=SMALLCONST -pmediumconst=MEDIUMCONST -pconst=CONST \
  -AFARRAM=00h-00h -ACONFIG=0300000h-030000Dh -pconfig=CONFIG \
  -AIDLOC=0200000h-0200007h -pidloc=IDLOC -AEEDATA=0F00000h-0F000FFh \
  -peeprom_data=EEDATA \
  -prdata=COMRAM,nvrram=COMRAM,nvbit=COMRAM,rbss=COMRAM,rbit=COMRAM \
  -pfarbss=FARRAM,fardata=FARRAM,nvFARRAM=FARRAM \
  -pintsave_regs=BIGRAM,bigbss=BIGRAM,bigdata=BIGRAM -pbss=RAM \
  -pidata=CODE,irdata=CODE,ibigdata=CODE,ifardata=CODE -prparam=COMRAM \
  C:\Users\Ianick\AppData\Local\Temp\s8t4.obj \
  dist/default/production\Waffle.X.production.obj 

Object code version is 3.11

Machine type is 18F2550

Call graph: (short form)




                Name                               Link     Load   Length Selector   Space Scale
C:\Users\Ianick\AppData\Local\Temp\s8t4.obj
                init                                  E        E        4        4       0
                reset_vec                             0        0        4        0       0
                idloc                            200000   200000        8   200000       0
                config                           300000   300000        E   300000       0
dist/default/production\Waffle.X.production.obj
                intcode                               8        8        6        4       0
                temp                                 4C       4C        1        1       1
                intcode_body                        CC0      CC0       AA        4       0
                text12                              C12      C12       AE        4       0
                text11                              B1E      B1E       F4        4       0
                text10                              A2A      A2A       F4        4       0
                text9                               E4C      E4C       24        4       0
                text8                               56E      56E      1D2        4       0
                text7                               D6A      D6A       9C        4       0
                text6                               E70      E70       12        4       0
                text5                               934      934       F6        4       0
                text4                               83E      83E       F6        4       0
                text3                               740      740       FE        4       0
                text2                                12       12      33E        4       0
                text1                               350      350      21E        4       0
                text0                               E82      E82        A        4       0
                cstackCOMRAM                          1        1       3B        1       1
                cstackBANK0                          60       60       19       60       1
                bssBANK0                             79       79       10       60       1
                dataCOMRAM                           46       46        6        1       1
                bssCOMRAM                            3C       3C        A        1       1
                cinit                               E06      E06       46        4       0
                idataCOMRAM                         E8C      E8C        6        4       0

TOTAL           Name                               Link     Load   Length     Space
        CLASS   STACK          

        CLASS   CODE           
                intcode                               8        8        6         0
                init                                  E        E        4         0
                reset_vec                             0        0        4         0
                intcode_body                        CC0      CC0       AA         0
                text12                              C12      C12       AE         0
                text11                              B1E      B1E       F4         0
                text10                              A2A      A2A       F4         0
                text9                               E4C      E4C       24         0
                text8                               56E      56E      1D2         0
                text7                               D6A      D6A       9C         0
                text6                               E70      E70       12         0
                text5                               934      934       F6         0
                text4                               83E      83E       F6         0
                text3                               740      740       FE         0
                text2                                12       12      33E         0
                text1                               350      350      21E         0
                text0                               E82      E82        A         0
                cinit                               E06      E06       46         0
                idataCOMRAM                         E8C      E8C        6         0

        CLASS   CONST          

        CLASS   SMALLCONST     

        CLASS   MEDIUMCONST    

        CLASS   COMRAM         
                temp                                 4C       4C        1         1
                cstackCOMRAM                          1        1       3B         1
                dataCOMRAM                           46       46        6         1
                bssCOMRAM                            3C       3C        A         1

        CLASS   ABS1           

        CLASS   BIGRAM         

        CLASS   RAM            

        CLASS   BANK0          
                cstackBANK0                          60       60       19         1
                bssBANK0                             79       79       10         1

        CLASS   BANK1          

        CLASS   BANK2          

        CLASS   BANK3          

        CLASS   BANK4          

        CLASS   BANK5          

        CLASS   BANK6          

        CLASS   BANK7          

        CLASS   SFR            

        CLASS   FARRAM         

        CLASS   CONFIG         
                config                           300000   300000        E         0

        CLASS   IDLOC          
                idloc                            200000   200000        8         0

        CLASS   EEDATA         



SEGMENTS        Name                           Load    Length   Top    Selector   Space  Class

                reset_vec                      000000  000004  000004         0       0  CODE    
                cstackCOMRAM                   000001  00004C  00004D         1       1  COMRAM  
                intcode                        000008  000E8A  000E92         4       0  CODE    
                cstackBANK0                    000060  000029  000089        60       1  BANK0   
                idloc                          200000  000008  200008    200000       0  IDLOC   
                config                         300000  00000E  30000E    300000       0  CONFIG  


UNUSED ADDRESS RANGES

        Name                Unused          Largest block    Delta
        BANK0            000089-0000FF               77
        BANK1            000100-0001FF              100
        BANK2            000200-0002FF              100
        BANK3            000300-0003FF              100
        BANK4            000400-0004FF              100
        BANK5            000500-0005FF              100
        BANK6            000600-0006FF              100
        BANK7            000700-0007FF              100
        BIGRAM           00004D-00005F               13
                         000089-0007FF              777
        CODE             000004-000007                4
                         000E92-007FFF             716E
        COMRAM           00004D-00005F               13
        CONST            000004-000007                4
                         000E92-007FFF             716E
        EEDATA           F00000-F000FF              100
        MEDIUMCONST      000E92-007FFF             716E
        RAM              000089-0007FF              100
        SFR              000F60-000FFF               A0
        SMALLCONST       000E92-007FFF              100
        STACK            000089-0007FF              777

                                  Symbol Table

?___ftmul                    cstackCOMRAM 00001E
?___ftpack                   cstackCOMRAM 000013
?___fttol                    cstackCOMRAM 00002D
?___lwtoft                   cstackCOMRAM 00001B
?_millis                     cstackCOMRAM 000013
_ADCON1bits                  (abs)        000FC1
_CCP1CONbits                 (abs)        000FBD
_CCP2CONbits                 (abs)        000FBA
_CCPR1L                      (abs)        000FBE
_CCPR2L                      (abs)        000FBB
_INTCON3                     (abs)        000FF0
_INTCONbits                  (abs)        000FF2
_ISR                         intcode      000008
_LATAbits                    (abs)        000F89
_LATCbits                    (abs)        000F8B
_PIE1                        (abs)        000F9D
_PIE1bits                    (abs)        000F9D
_PIE2                        (abs)        000FA0
_PORTAbits                   (abs)        000F80
_PORTBbits                   (abs)        000F81
_PORTCbits                   (abs)        000F82
_PR2                         (abs)        000FCB
_RCONbits                    (abs)        000FD0
_T2CON                       (abs)        000FCA
_T2CONbits                   (abs)        000FCA
_TMR2IF                      (abs)        007CF1
_TRISAbits                   (abs)        000F92
_TRISBbits                   (abs)        000F93
_TRISCbits                   (abs)        000F94
_UCFGbits                    (abs)        000F6F
_UCONbits                    (abs)        000F6D
__CFG_BOR$OFF                (abs)        000000
__CFG_BORV$0                 (abs)        000000
__CFG_CCP2MX$ON              (abs)        000000
__CFG_CP0$OFF                (abs)        000000
__CFG_CP1$OFF                (abs)        000000
__CFG_CP2$OFF                (abs)        000000
__CFG_CP3$OFF                (abs)        000000
__CFG_CPB$OFF                (abs)        000000
__CFG_CPD$OFF                (abs)        000000
__CFG_CPUDIV$OSC1_PLL2       (abs)        000000
__CFG_EBTR0$OFF              (abs)        000000
__CFG_EBTR1$OFF              (abs)        000000
__CFG_EBTR2$OFF              (abs)        000000
__CFG_EBTR3$OFF              (abs)        000000
__CFG_EBTRB$OFF              (abs)        000000
__CFG_FCMEN$OFF              (abs)        000000
__CFG_FOSC$HSPLL_HS          (abs)        000000
__CFG_IESO$OFF               (abs)        000000
__CFG_LPT1OSC$OFF            (abs)        000000
__CFG_LVP$OFF                (abs)        000000
__CFG_MCLRE$OFF              (abs)        000000
__CFG_PBADEN$OFF             (abs)        000000
__CFG_PLLDIV$5               (abs)        000000
__CFG_PWRT$OFF               (abs)        000000
__CFG_STVREN$OFF             (abs)        000000
__CFG_USBDIV$2               (abs)        000000
__CFG_VREGEN$OFF             (abs)        000000
__CFG_WDT$OFF                (abs)        000000
__CFG_WDTPS$32768            (abs)        000000
__CFG_WRT0$OFF               (abs)        000000
__CFG_WRT1$OFF               (abs)        000000
__CFG_WRT2$OFF               (abs)        000000
__CFG_WRT3$OFF               (abs)        000000
__CFG_WRTB$OFF               (abs)        000000
__CFG_WRTC$OFF               (abs)        000000
__CFG_WRTD$OFF               (abs)        000000
__CFG_XINST$OFF              (abs)        000000
__HRAM                       (abs)        000000
__Habs1                      abs1         000000
__Hbank0                     bank0        000000
__Hbank1                     bank1        000000
__Hbank2                     bank2        000000
__Hbank3                     bank3        000000
__Hbank4                     bank4        000000
__Hbank5                     bank5        000000
__Hbank6                     bank6        000000
__Hbank7                     bank7        000000
__Hbigbss                    bigbss       000000
__Hbigdata                   bigdata      000000
__Hbigram                    bigram       000000
__Hbss                       bss          000000
__HbssBANK0                  bssBANK0     000000
__HbssCOMRAM                 bssCOMRAM    000000
__Hcinit                     cinit        000000
__Hclrtext                   clrtext      000000
__Hcomram                    comram       000000
__Hconfig                    config       30000E
__Hconst                     const        000000
__HcstackBANK0               cstackBANK0  000000
__HcstackCOMRAM              cstackCOMRAM 000000
__Hdata                      data         000000
__HdataCOMRAM                dataCOMRAM   000000
__Heeprom_data               eeprom_data  000000
__Hfarbss                    farbss       000000
__Hfardata                   fardata      000000
__Hibigdata                  ibigdata     000000
__Hidata                     idata        000000
__HidataCOMRAM               idataCOMRAM  000000
__Hidloc                     idloc        200008
__Hifardata                  ifardata     000000
__Hinit                      init         000012
__Hintcode                   intcode      00000E
__Hintcode_body              intcode_body 000000
__Hintcodelo                 intcodelo    00000E
__Hintentry                  intentry     000000
__Hintret                    intret       000000
__Hintsave_regs              intsave_regs 000000
__Hirdata                    irdata       000000
__Hmediumconst               mediumconst  000000
__HnvFARRAM                  nvFARRAM     000000
__Hnvbit                     nvbit        000000
__Hnvrram                    nvrram       000000
__Hparam                     rparam       000000
__Hpowerup                   powerup      00000E
__Hram                       ram          000000
__Hramtop                    ramtop       000800
__Hrbit                      rbit         000000
__Hrbss                      rbss         000000
__Hrdata                     rdata        000000
__Hreset_vec                 reset_vec    000004
__Hrparam                    rparam       000000
__Hsfr                       sfr          000000
__Hsmallconst                smallconst   000000
__Hspace_0                   (abs)        30000E
__Hspace_1                   (abs)        000089
__Hspace_2                   (abs)        000000
__Hstack                     stack        000000
__Hstruct                    struct       000000
__Htemp                      temp         00004D
__Htext                      text         000000
__Htext0                     text0        000000
__Htext1                     text1        000000
__Htext10                    text10       000000
__Htext11                    text11       000000
__Htext12                    text12       000000
__Htext2                     text2        000000
__Htext3                     text3        000000
__Htext4                     text4        000000
__Htext5                     text5        000000
__Htext6                     text6        000000
__Htext7                     text7        000000
__Htext8                     text8        000000
__Htext9                     text9        000000
__LRAM                       (abs)        000001
__Labs1                      abs1         000000
__Lbank0                     bank0        000000
__Lbank1                     bank1        000000
__Lbank2                     bank2        000000
__Lbank3                     bank3        000000
__Lbank4                     bank4        000000
__Lbank5                     bank5        000000
__Lbank6                     bank6        000000
__Lbank7                     bank7        000000
__Lbigbss                    bigbss       000000
__Lbigdata                   bigdata      000000
__Lbigram                    bigram       000000
__Lbss                       bss          000000
__LbssBANK0                  bssBANK0     000000
__LbssCOMRAM                 bssCOMRAM    000000
__Lcinit                     cinit        000000
__Lclrtext                   clrtext      000000
__Lcomram                    comram       000000
__Lconfig                    config       300000
__Lconst                     const        000000
__LcstackBANK0               cstackBANK0  000000
__LcstackCOMRAM              cstackCOMRAM 000000
__Ldata                      data         000000
__LdataCOMRAM                dataCOMRAM   000000
__Leeprom_data               eeprom_data  000000
__Lfarbss                    farbss       000000
__Lfardata                   fardata      000000
__Libigdata                  ibigdata     000000
__Lidata                     idata        000000
__LidataCOMRAM               idataCOMRAM  000000
__Lidloc                     idloc        200000
__Lifardata                  ifardata     000000
__Linit                      init         00000E
__Lintcode                   intcode      000008
__Lintcode_body              intcode_body 000000
__Lintcodelo                 intcodelo    00000E
__Lintentry                  intentry     000000
__Lintret                    intret       000000
__Lintsave_regs              intsave_regs 000000
__Lirdata                    irdata       000000
__Lmediumconst               mediumconst  000000
__LnvFARRAM                  nvFARRAM     000000
__Lnvbit                     nvbit        000000
__Lnvrram                    nvrram       000000
__Lparam                     rparam       000000
__Lpowerup                   powerup      00000E
__Lram                       ram          000000
__Lramtop                    ramtop       000800
__Lrbit                      rbit         000000
__Lrbss                      rbss         000000
__Lrdata                     rdata        000000
__Lreset_vec                 reset_vec    000000
__Lrparam                    rparam       000000
__Lsfr                       sfr          000000
__Lsmallconst                smallconst   000000
__Lspace_0                   (abs)        000000
__Lspace_1                   (abs)        000000
__Lspace_2                   (abs)        000000
__Lstack                     stack        000000
__Lstruct                    struct       000000
__Ltemp                      temp         00004C
__Ltext                      text         000000
__Ltext0                     text0        000000
__Ltext1                     text1        000000
__Ltext10                    text10       000000
__Ltext11                    text11       000000
__Ltext12                    text12       000000
__Ltext2                     text2        000000
__Ltext3                     text3        000000
__Ltext4                     text4        000000
__Ltext5                     text5        000000
__Ltext6                     text6        000000
__Ltext7                     text7        000000
__Ltext8                     text8        000000
__Ltext9                     text9        000000
__S0                         (abs)        30000E
__S1                         (abs)        000089
__S2                         (abs)        000000
___ftmul                     text11       000B1E
___ftmul@cntr                cstackCOMRAM 00002B
___ftmul@exp                 cstackCOMRAM 000027
___ftmul@f1                  cstackCOMRAM 00001E
___ftmul@f2                  cstackCOMRAM 000021
___ftmul@f3_as_product       cstackCOMRAM 000028
___ftmul@sign                cstackCOMRAM 00002C
___ftpack                    text12       000C12
___ftpack@arg                cstackCOMRAM 000013
___ftpack@exp                cstackCOMRAM 000016
___ftpack@sign               cstackCOMRAM 000017
___fttol                     text10       000A2A
___fttol@exp1                cstackCOMRAM 00003B
___fttol@f1                  cstackCOMRAM 00002D
___fttol@lval                cstackCOMRAM 000037
___fttol@sign1               cstackCOMRAM 000036
___inthi_sp                  stack        000000
___intlo_sp                  stack        000000
___lwtoft                    text9        000E4C
___lwtoft@c                  cstackCOMRAM 00001B
___param_bank                (abs)        000000
___rparam_used               (abs)        000001
___sp                        stack        000000
__accesstop                  (abs)        000060
__activetblptr               (abs)        000002
__end_of_ISR                 intcode_body 000D6A
__end_of___ftmul             text11       000C12
__end_of___ftpack            text12       000CC0
__end_of___fttol             text10       000B1E
__end_of___lwtoft            text9        000E70
__end_of__initialization     cinit        000E3E
__end_of_estrategiaAdelante  text5        000A2A
__end_of_estrategiaAtras     text4        000934
__end_of_estrategiaCiego     text3        00083E
__end_of_estrategiaClasica   text2        000350
__end_of_init                text7        000E06
__end_of_loop                text1        00056E
__end_of_main                text0        000E8C
__end_of_millis              text6        000E82
__end_of_setMotores          text8        000740
__initialization             cinit        000E06
__mediumconst                mediumconst  000000
__pbssBANK0                  bssBANK0     000079
__pbssCOMRAM                 bssCOMRAM    00003C
__pcinit                     cinit        000E06
__pcstackBANK0               cstackBANK0  000060
__pcstackCOMRAM              cstackCOMRAM 000001
__pdataCOMRAM                dataCOMRAM   000046
__pidataCOMRAM               idataCOMRAM  000E8C
__pintcode                   intcode      000008
__pintcode_body              intcode_body 000CC0
__ptext0                     text0        000E82
__ptext1                     text1        000350
__ptext10                    text10       000A2A
__ptext11                    text11       000B1E
__ptext12                    text12       000C12
__ptext2                     text2        000012
__ptext3                     text3        000740
__ptext4                     text4        00083E
__ptext5                     text5        000934
__ptext6                     text6        000E70
__ptext7                     text7        000D6A
__ptext8                     text8        00056E
__ptext9                     text9        000E4C
__ramtop                     ramtop       000800
__size_of_ISR                (abs)        000000
__size_of___ftmul            (abs)        000000
__size_of___ftpack           (abs)        000000
__size_of___fttol            (abs)        000000
__size_of___lwtoft           (abs)        000000
__size_of_estrategiaAdelante (abs)        000000
__size_of_estrategiaAtras    (abs)        000000
__size_of_estrategiaCiego    (abs)        000000
__size_of_estrategiaClasica  (abs)        000000
__size_of_init               (abs)        000000
__size_of_loop               (abs)        000000
__size_of_main               (abs)        000000
__size_of_millis             (abs)        000000
__size_of_setMotores         (abs)        000000
__smallconst                 smallconst   000000
_direccion                   dataCOMRAM   00004B
_estadoMenu                  bssCOMRAM    000045
_estrategiaAdelante          text5        000934
_estrategiaAtras             text4        00083E
_estrategiaCiego             text3        000740
_estrategiaClasica           text2        000012
_init                        text7        000D6A
_loop                        text1        000350
_loop$319                    cstackBANK0  000077
_loop$328                    cstackBANK0  000078
_main                        text0        000E82
_millis                      text6        000E70
_millisCounter               bssBANK0     000079
_setMotores                  text8        00056E
_setMotores$933              cstackBANK0  000066
_setMotores$934              cstackBANK0  000068
btemp                        temp         00004C
end_of_initialization        cinit        000E3E
estrategiaAdelante@estado    dataCOMRAM   000047
estrategiaAdelante@m         bssBANK0     000081
estrategiaAtras@estado       dataCOMRAM   000046
estrategiaAtras@m            bssBANK0     00007D
estrategiaCiego@estado       dataCOMRAM   000048
estrategiaCiego@m            bssBANK0     000085
estrategiaClasica@estado     bssCOMRAM    000044
estrategiaClasica@firstTime  dataCOMRAM   000049
estrategiaClasica@m          bssCOMRAM    00003C
int$flags                    temp         00004C
int_func                     intcode_body 000CC0
intlevel0                    text         000000
intlevel1                    text         000000
intlevel2                    text         000000
intlevel3                    text         000000
loop@estrategia              dataCOMRAM   00004A
loop@m                       bssCOMRAM    000040
setMotores@dutyD             cstackBANK0  00006C
setMotores@dutyI             cstackBANK0  00006A
setMotores@speedD            cstackBANK0  000062
setMotores@speedI            cstackBANK0  000060
stackhi                      (abs)        0007FF
stacklo                      (abs)        000089
start                        init         00000E
start_initialization         cinit        000E06
wtemp6                       temp         00004D


FUNCTION INFORMATION:

 *************** function _main *****************
 Defined at:
		line 345 in file "main.c"
 Parameters:    Size  Location     Type
		None
 Auto vars:     Size  Location     Type
		None
 Return value:  Size  Location     Type
                  1    wreg      void 
 Registers used:
		wreg, status,2, status,0, cstack
 Tracked objects:
		On entry : 
		On exit  : 
		Unchanged: 
 Data sizes:     COMRAM   BANK0   BANK1   BANK2   BANK3   BANK4   BANK5   BANK6   BANK7
      Params:         0       0       0       0       0       0       0       0       0
      Locals:         0       0       0       0       0       0       0       0       0
      Temps:          0       0       0       0       0       0       0       0       0
      Totals:         0       0       0       0       0       0       0       0       0
Total ram usage:        0 bytes
 Hardware stack levels required when called:    6
 This function calls:
		_init
		_loop
 This function is called by:
		Startup code after reset
 This function uses a non-reentrant model


 *************** function _loop *****************
 Defined at:
		line 7 in file "main.c"
 Parameters:    Size  Location     Type
		None
 Auto vars:     Size  Location     Type
		None
 Return value:  Size  Location     Type
                  1    wreg      void 
 Registers used:
		wreg, status,2, status,0, cstack
 Tracked objects:
		On entry : 
		On exit  : 
		Unchanged: 
 Data sizes:     COMRAM   BANK0   BANK1   BANK2   BANK3   BANK4   BANK5   BANK6   BANK7
      Params:         0       0       0       0       0       0       0       0       0
      Locals:         0       2       0       0       0       0       0       0       0
      Temps:          0       5       0       0       0       0       0       0       0
      Totals:         0       7       0       0       0       0       0       0       0
Total ram usage:        7 bytes
 Hardware stack levels used:    1
 Hardware stack levels required when called:    5
 This function calls:
		_estrategiaAdelante
		_estrategiaAtras
		_estrategiaCiego
		_estrategiaClasica
		_millis
		_setMotores
 This function is called by:
		_main
 This function uses a non-reentrant model


 *************** function _estrategiaClasica *****************
 Defined at:
		line 105 in file "main.c"
 Parameters:    Size  Location     Type
		None
 Auto vars:     Size  Location     Type
		None
 Return value:  Size  Location     Type
                  1    wreg      void 
 Registers used:
		wreg, status,2, status,0, cstack
 Tracked objects:
		On entry : 
		On exit  : 
		Unchanged: 
 Data sizes:     COMRAM   BANK0   BANK1   BANK2   BANK3   BANK4   BANK5   BANK6   BANK7
      Params:         0       0       0       0       0       0       0       0       0
      Locals:         0       0       0       0       0       0       0       0       0
      Temps:          0       4       0       0       0       0       0       0       0
      Totals:         0       4       0       0       0       0       0       0       0
Total ram usage:        4 bytes
 Hardware stack levels used:    1
 Hardware stack levels required when called:    4
 This function calls:
		_millis
		_setMotores
 This function is called by:
		_loop
 This function uses a non-reentrant model


 *************** function _estrategiaCiego *****************
 Defined at:
		line 251 in file "main.c"
 Parameters:    Size  Location     Type
		None
 Auto vars:     Size  Location     Type
		None
 Return value:  Size  Location     Type
                  1    wreg      void 
 Registers used:
		wreg, status,2, status,0, cstack
 Tracked objects:
		On entry : 
		On exit  : 
		Unchanged: 
 Data sizes:     COMRAM   BANK0   BANK1   BANK2   BANK3   BANK4   BANK5   BANK6   BANK7
      Params:         0       0       0       0       0       0       0       0       0
      Locals:         0       0       0       0       0       0       0       0       0
      Temps:          0       0       0       0       0       0       0       0       0
      Totals:         0       0       0       0       0       0       0       0       0
Total ram usage:        0 bytes
 Hardware stack levels used:    1
 Hardware stack levels required when called:    4
 This function calls:
		_millis
		_setMotores
 This function is called by:
		_loop
 This function uses a non-reentrant model


 *************** function _estrategiaAtras *****************
 Defined at:
		line 312 in file "main.c"
 Parameters:    Size  Location     Type
		None
 Auto vars:     Size  Location     Type
		None
 Return value:  Size  Location     Type
                  1    wreg      void 
 Registers used:
		wreg, status,2, status,0, cstack
 Tracked objects:
		On entry : 
		On exit  : 
		Unchanged: 
 Data sizes:     COMRAM   BANK0   BANK1   BANK2   BANK3   BANK4   BANK5   BANK6   BANK7
      Params:         0       0       0       0       0       0       0       0       0
      Locals:         0       0       0       0       0       0       0       0       0
      Temps:          0       0       0       0       0       0       0       0       0
      Totals:         0       0       0       0       0       0       0       0       0
Total ram usage:        0 bytes
 Hardware stack levels used:    1
 Hardware stack levels required when called:    4
 This function calls:
		_millis
		_setMotores
 This function is called by:
		_loop
 This function uses a non-reentrant model


 *************** function _estrategiaAdelante *****************
 Defined at:
		line 279 in file "main.c"
 Parameters:    Size  Location     Type
		None
 Auto vars:     Size  Location     Type
		None
 Return value:  Size  Location     Type
                  1    wreg      void 
 Registers used:
		wreg, status,2, status,0, cstack
 Tracked objects:
		On entry : 
		On exit  : 
		Unchanged: 
 Data sizes:     COMRAM   BANK0   BANK1   BANK2   BANK3   BANK4   BANK5   BANK6   BANK7
      Params:         0       0       0       0       0       0       0       0       0
      Locals:         0       0       0       0       0       0       0       0       0
      Temps:          0       0       0       0       0       0       0       0       0
      Totals:         0       0       0       0       0       0       0       0       0
Total ram usage:        0 bytes
 Hardware stack levels used:    1
 Hardware stack levels required when called:    4
 This function calls:
		_millis
		_setMotores
 This function is called by:
		_loop
 This function uses a non-reentrant model


 *************** function _millis *****************
 Defined at:
		line 87 in file "funciones.c"
 Parameters:    Size  Location     Type
		None
 Auto vars:     Size  Location     Type
		None
 Return value:  Size  Location     Type
                  4   18[COMRAM] unsigned long 
 Registers used:
		None
 Tracked objects:
		On entry : 
		On exit  : 
		Unchanged: 
 Data sizes:     COMRAM   BANK0   BANK1   BANK2   BANK3   BANK4   BANK5   BANK6   BANK7
      Params:         4       0       0       0       0       0       0       0       0
      Locals:         0       0       0       0       0       0       0       0       0
      Temps:          0       0       0       0       0       0       0       0       0
      Totals:         4       0       0       0       0       0       0       0       0
Total ram usage:        4 bytes
 Hardware stack levels used:    1
 Hardware stack levels required when called:    1
 This function calls:
		Nothing
 This function is called by:
		_loop
		_estrategiaClasica
		_estrategiaCiego
		_estrategiaAdelante
		_estrategiaAtras
 This function uses a non-reentrant model


 *************** function _init *****************
 Defined at:
		line 5 in file "funciones.c"
 Parameters:    Size  Location     Type
		None
 Auto vars:     Size  Location     Type
		None
 Return value:  Size  Location     Type
                  1    wreg      void 
 Registers used:
		wreg, status,2, status,0, cstack
 Tracked objects:
		On entry : 
		On exit  : 
		Unchanged: 
 Data sizes:     COMRAM   BANK0   BANK1   BANK2   BANK3   BANK4   BANK5   BANK6   BANK7
      Params:         0       0       0       0       0       0       0       0       0
      Locals:         0       0       0       0       0       0       0       0       0
      Temps:          0       0       0       0       0       0       0       0       0
      Totals:         0       0       0       0       0       0       0       0       0
Total ram usage:        0 bytes
 Hardware stack levels used:    1
 Hardware stack levels required when called:    4
 This function calls:
		_setMotores
 This function is called by:
		_main
 This function uses a non-reentrant model


 *************** function _setMotores *****************
 Defined at:
		line 66 in file "funciones.c"
 Parameters:    Size  Location     Type
  speedI          2    0[BANK0 ] int 
  speedD          2    2[BANK0 ] int 
 Auto vars:     Size  Location     Type
  dutyD           2   12[BANK0 ] unsigned int 
  dutyI           2   10[BANK0 ] unsigned int 
 Return value:  Size  Location     Type
                  1    wreg      void 
 Registers used:
		wreg, status,2, status,0, cstack
 Tracked objects:
		On entry : 
		On exit  : 
		Unchanged: 
 Data sizes:     COMRAM   BANK0   BANK1   BANK2   BANK3   BANK4   BANK5   BANK6   BANK7
      Params:         0       4       0       0       0       0       0       0       0
      Locals:         0       8       0       0       0       0       0       0       0
      Temps:          0       2       0       0       0       0       0       0       0
      Totals:         0      14       0       0       0       0       0       0       0
Total ram usage:       14 bytes
 Hardware stack levels used:    1
 Hardware stack levels required when called:    3
 This function calls:
		___ftmul
		___fttol
		___lwtoft
 This function is called by:
		_loop
		_estrategiaClasica
		_estrategiaCiego
		_estrategiaAdelante
		_estrategiaAtras
		_init
 This function uses a non-reentrant model


 *************** function ___lwtoft *****************
 Defined at:
		line 28 in file "C:\Program Files (x86)\Microchip\xc8\v1.45\sources\common\lwtoft.c"
 Parameters:    Size  Location     Type
  c               2   26[COMRAM] unsigned int 
 Auto vars:     Size  Location     Type
		None
 Return value:  Size  Location     Type
                  3   26[COMRAM] float 
 Registers used:
		wreg, status,2, status,0, cstack
 Tracked objects:
		On entry : 
		On exit  : 
		Unchanged: 
 Data sizes:     COMRAM   BANK0   BANK1   BANK2   BANK3   BANK4   BANK5   BANK6   BANK7
      Params:         3       0       0       0       0       0       0       0       0
      Locals:         0       0       0       0       0       0       0       0       0
      Temps:          0       0       0       0       0       0       0       0       0
      Totals:         3       0       0       0       0       0       0       0       0
Total ram usage:        3 bytes
 Hardware stack levels used:    1
 Hardware stack levels required when called:    2
 This function calls:
		___ftpack
 This function is called by:
		_setMotores
 This function uses a non-reentrant model


 *************** function ___fttol *****************
 Defined at:
		line 44 in file "C:\Program Files (x86)\Microchip\xc8\v1.45\sources\common\fttol.c"
 Parameters:    Size  Location     Type
  f1              3   44[COMRAM] float 
 Auto vars:     Size  Location     Type
  lval            4   54[COMRAM] unsigned long 
  exp1            1   58[COMRAM] unsigned char 
  sign1           1   53[COMRAM] unsigned char 
 Return value:  Size  Location     Type
                  4   44[COMRAM] long 
 Registers used:
		wreg, status,2, status,0
 Tracked objects:
		On entry : 
		On exit  : 
		Unchanged: 
 Data sizes:     COMRAM   BANK0   BANK1   BANK2   BANK3   BANK4   BANK5   BANK6   BANK7
      Params:         4       0       0       0       0       0       0       0       0
      Locals:         6       0       0       0       0       0       0       0       0
      Temps:          5       0       0       0       0       0       0       0       0
      Totals:        15       0       0       0       0       0       0       0       0
Total ram usage:       15 bytes
 Hardware stack levels used:    1
 Hardware stack levels required when called:    1
 This function calls:
		Nothing
 This function is called by:
		_setMotores
 This function uses a non-reentrant model


 *************** function ___ftmul *****************
 Defined at:
		line 62 in file "C:\Program Files (x86)\Microchip\xc8\v1.45\sources\common\ftmul.c"
 Parameters:    Size  Location     Type
  f1              3   29[COMRAM] float 
  f2              3   32[COMRAM] float 
 Auto vars:     Size  Location     Type
  f3_as_produc    3   39[COMRAM] unsigned um
  sign            1   43[COMRAM] unsigned char 
  cntr            1   42[COMRAM] unsigned char 
  exp             1   38[COMRAM] unsigned char 
 Return value:  Size  Location     Type
                  3   29[COMRAM] float 
 Registers used:
		wreg, status,2, status,0, cstack
 Tracked objects:
		On entry : 
		On exit  : 
		Unchanged: 
 Data sizes:     COMRAM   BANK0   BANK1   BANK2   BANK3   BANK4   BANK5   BANK6   BANK7
      Params:         6       0       0       0       0       0       0       0       0
      Locals:         6       0       0       0       0       0       0       0       0
      Temps:          3       0       0       0       0       0       0       0       0
      Totals:        15       0       0       0       0       0       0       0       0
Total ram usage:       15 bytes
 Hardware stack levels used:    1
 Hardware stack levels required when called:    2
 This function calls:
		___ftpack
 This function is called by:
		_setMotores
 This function uses a non-reentrant model


 *************** function ___ftpack *****************
 Defined at:
		line 62 in file "C:\Program Files (x86)\Microchip\xc8\v1.45\sources\common\float.c"
 Parameters:    Size  Location     Type
  arg             3   18[COMRAM] unsigned um
  exp             1   21[COMRAM] unsigned char 
  sign            1   22[COMRAM] unsigned char 
 Auto vars:     Size  Location     Type
		None
 Return value:  Size  Location     Type
                  3   18[COMRAM] float 
 Registers used:
		wreg, status,2, status,0
 Tracked objects:
		On entry : 
		On exit  : 
		Unchanged: 
 Data sizes:     COMRAM   BANK0   BANK1   BANK2   BANK3   BANK4   BANK5   BANK6   BANK7
      Params:         5       0       0       0       0       0       0       0       0
      Locals:         0       0       0       0       0       0       0       0       0
      Temps:          3       0       0       0       0       0       0       0       0
      Totals:         8       0       0       0       0       0       0       0       0
Total ram usage:        8 bytes
 Hardware stack levels used:    1
 Hardware stack levels required when called:    1
 This function calls:
		Nothing
 This function is called by:
		___ftmul
		___lwtoft
 This function uses a non-reentrant model


 *************** function _ISR *****************
 Defined at:
		line 91 in file "funciones.c"
 Parameters:    Size  Location     Type
		None
 Auto vars:     Size  Location     Type
		None
 Return value:  Size  Location     Type
                  1    wreg      void 
 Registers used:
		wreg, status,2, status,0
 Tracked objects:
		On entry : 
		On exit  : 
		Unchanged: 
 Data sizes:     COMRAM   BANK0   BANK1   BANK2   BANK3   BANK4   BANK5   BANK6   BANK7
      Params:         0       0       0       0       0       0       0       0       0
      Locals:         0       0       0       0       0       0       0       0       0
      Temps:         18       0       0       0       0       0       0       0       0
      Totals:        18       0       0       0       0       0       0       0       0
Total ram usage:       18 bytes
 Hardware stack levels used:    1
 This function calls:
		Nothing
 This function is called by:
		Interrupt level 2
 This function uses a non-reentrant model



MODULE INFORMATION

Module		Function		Class		Link	Load	Size
C:\Program Files (x86)\Microchip\xc8\v1.45\sources\common\float.c
		___ftpack      		CODE           	0C12	0000	175

C:\Program Files (x86)\Microchip\xc8\v1.45\sources\common\float.c estimated size: 175

C:\Program Files (x86)\Microchip\xc8\v1.45\sources\common\ftmul.c
		___ftmul       		CODE           	0B1E	0000	245

C:\Program Files (x86)\Microchip\xc8\v1.45\sources\common\ftmul.c estimated size: 245

funciones.c
		_millis        		CODE           	0E70	0000	19
		_init          		CODE           	0D6A	0000	157
		_ISR           		CODE           	0008	0000	177
		_setMotores    		CODE           	056E	0000	467

funciones.c estimated size: 820

shared
		__initialization		CODE           	0E06	0000	57

shared estimated size: 57

C:\Program Files (x86)\Microchip\xc8\v1.45\sources\common\fttol.c
		___fttol       		CODE           	0A2A	0000	245

C:\Program Files (x86)\Microchip\xc8\v1.45\sources\common\fttol.c estimated size: 245

main.c
		_loop          		CODE           	0350	0000	543
		_estrategiaAdelante		CODE           	0934	0000	247
		_estrategiaCiego		CODE           	0740	0000	255
		_estrategiaAtras		CODE           	083E	0000	247
		_main          		CODE           	0E82	0000	11
		_estrategiaClasica		CODE           	0012	0000	831

main.c estimated size: 2134

C:\Program Files (x86)\Microchip\xc8\v1.45\sources\common\lwtoft.c
		___lwtoft      		CODE           	0E4C	0000	37

C:\Program Files (x86)\Microchip\xc8\v1.45\sources\common\lwtoft.c estimated size: 37

